// Jest Snapshot v1, https://goo.gl/fbAQLP

exports[`Home should match component snapshot 1`] = `ShallowWrapper {}`;
