// Jest Snapshot v1, https://goo.gl/fbAQLP

exports[`App should match snapshot 1`] = `
<div
  className="App"
>
  <ConnectFunction />
  <Route
    component={[Function]}
    exact={true}
    path="/"
  />
  <Route
    component={[Function]}
    exact={true}
    path="/favorites"
  />
  <Route
    component={
      Object {
        "$$typeof": Symbol(react.memo),
        "WrappedComponent": [Function],
        "compare": null,
        "displayName": "Connect(LoginPage)",
        "type": [Function],
      }
    }
    exact={true}
    path="/login"
  />
  <Route
    component={
      Object {
        "$$typeof": Symbol(react.memo),
        "WrappedComponent": [Function],
        "compare": null,
        "displayName": "Connect(MoviePage)",
        "type": [Function],
      }
    }
    exact={true}
    path="/movies/:id"
  />
</div>
`;
