// Jest Snapshot v1, https://goo.gl/fbAQLP

exports[`MoviesGallery should match snapshot 1`] = `
<section
  className="movies-section"
/>
`;
