// Jest Snapshot v1, https://goo.gl/fbAQLP

exports[`Banner Should match snapshot with posters urls passed in 1`] = `ShallowWrapper {}`;
